###############################################################################
#
# IAR ELF Linker V7.60.1.11101/W32 for ARM                07/Nov/2016  21:31:30
# Copyright 2007-2016 IAR Systems AB.
#
#    Output file  =  F:\Datorsystemteknik\HWlab\testlab\Release\Exe\test.out
#    Map file     =  F:\Datorsystemteknik\HWlab\testlab\Release\List\test.map
#    Command line =  
#        F:\Datorsystemteknik\HWlab\testlab\Release\Obj\cstartup.o
#        F:\Datorsystemteknik\HWlab\testlab\Release\Obj\exceptions.o
#        F:\Datorsystemteknik\HWlab\testlab\Release\Obj\main.o
#        F:\Datorsystemteknik\HWlab\testlab\Release\Obj\startup_sam3x.o
#        F:\Datorsystemteknik\HWlab\testlab\Release\Obj\system_sam3x.o -o
#        F:\Datorsystemteknik\HWlab\testlab\Release\Exe\test.out --redirect
#        _Printf=_PrintfFull --redirect _Scanf=_ScanfFull --map
#        F:\Datorsystemteknik\HWlab\testlab\Release\List\test.map --config
#        "C:\Program Files (x86)\IAR Systems\Embedded Workbench
#        7.4\arm\CONFIG\generic_cortex.icf" --entry __iar_program_start
#        --inline --vfe
#
###############################################################################

*******************************************************************************
*** RUNTIME MODEL ATTRIBUTES
***

CppFlavor       = *
__SystemLibrary = DLib


*******************************************************************************
*** PLACEMENT SUMMARY
***

"A1":  place at 0x00000000 { ro section .intvec };
"P1":  place in [from 0x00000000 to 0x0007ffff] { ro };
"P3":  place in [from 0x00000000 to 0x00000000] |
                [from 0x20000000 to 0x2000ffff] { rw, block CSTACK, block HEAP };
initialize by copy { rw };

  Section            Kind        Address   Size  Object
  -------            ----        -------   ----  ------
"A1":                                      0xf4
  .intvec                     0x00000000   0xf4  <Block>
    .intvec          const    0x00000000   0xf4  startup_sam3x.o [1]
                            - 0x000000f4   0xf4

"P1":                                     0x170
  .text              ro code  0x000000f4   0x8c  system_sam3x.o [1]
  .text              ro code  0x00000180   0x2c  startup_sam3x.o [1]
  .text              ro code  0x000001ac    0xc  cstartup.o [1]
  .text              ro code  0x000001b8   0x1a  cmain.o [4]
  .text              ro code  0x000001d2    0x2  exceptions.o [1]
  .text              ro code  0x000001d4   0x28  data_init.o [4]
  .text              ro code  0x000001fc    0x8  main.o [1]
  .text              ro code  0x00000204    0x4  exit.o [3]
  .text              ro code  0x00000208    0xa  cexit.o [4]
  .text              ro code  0x00000214    0xc  XXexit.o [4]
  .text              ro code  0x00000220   0x2c  copy_init3.o [4]
  .iar.init_table    const    0x0000024c   0x14  - Linker created -
  .rodata            const    0x00000260    0x0  copy_init3.o [4]
  Initializer bytes  const    0x00000260    0x4  <for P3 s0>
                            - 0x00000264  0x170

"P3", part 1 of 2:                          0x4
  P3 s0                       0x20000000    0x4  <Init block>
    .data            inited   0x20000000    0x4  system_sam3x.o [1]
                            - 0x20000004    0x4

"P3", part 2 of 2:                        0x400
  CSTACK                      0x20000008  0x400  <Block>
    CSTACK           uninit   0x20000008  0x400  <Block tail>
                            - 0x20000408  0x400


*******************************************************************************
*** INIT TABLE
***

          Address     Size
          -------     ----
Copy (__iar_copy_init3)
    1 source range, total size 0x4:
          0x00000260   0x4
    1 destination range, total size 0x4:
          0x20000000   0x4



*******************************************************************************
*** MODULE SUMMARY
***

    Module           ro code  ro data  rw data
    ------           -------  -------  -------
F:\Datorsystemteknik\HWlab\testlab\Release\Obj: [1]
    cstartup.o            12
    exceptions.o           2
    main.o                 8
    startup_sam3x.o       44      244
    system_sam3x.o       140        4        4
    ------------------------------------------
    Total:               206      248        4

command line: [2]
    ------------------------------------------
    Total:

dl7M_tln.a: [3]
    exit.o                 4
    ------------------------------------------
    Total:                 4

rt7M_tl.a: [4]
    XXexit.o              12
    cexit.o               10
    cmain.o               26
    copy_init3.o          44
    data_init.o           40
    ------------------------------------------
    Total:               132

    Gaps                   2
    Linker created                 20    1 024
----------------------------------------------
    Grand Total:         344      268    1 028


*******************************************************************************
*** ENTRY LIST
***

Entry                      Address  Size  Type      Object
-----                      -------  ----  ----      ------
.iar.init_table$$Base   0x0000024c         --   Gb  - Linker created -
.iar.init_table$$Limit  0x00000260         --   Gb  - Linker created -
.intvec$$Base           0x00000000         --   Gb  - Linker created -
.intvec$$Limit          0x000000f4         --   Gb  - Linker created -
?main                   0x000001b9        Code  Gb  cmain.o [4]
ADC_Handler             0x000001d3   0x2  Code  Wk  exceptions.o [1]
BusFault_Handler        0x000001d3   0x2  Code  Wk  exceptions.o [1]
CAN0_Handler            0x000001d3   0x2  Code  Wk  exceptions.o [1]
CAN1_Handler            0x000001d3   0x2  Code  Wk  exceptions.o [1]
CSTACK$$Base            0x20000008         --   Gb  - Linker created -
CSTACK$$Limit           0x20000408         --   Gb  - Linker created -
DACC_Handler            0x000001d3   0x2  Code  Wk  exceptions.o [1]
DMAC_Handler            0x000001d3   0x2  Code  Wk  exceptions.o [1]
DebugMon_Handler        0x000001d3   0x2  Code  Wk  exceptions.o [1]
Dummy_Handler           0x000001d3   0x2  Code  Gb  exceptions.o [1]
EFC0_Handler            0x000001d3   0x2  Code  Wk  exceptions.o [1]
EFC1_Handler            0x000001d3   0x2  Code  Wk  exceptions.o [1]
HSMCI_Handler           0x000001d3   0x2  Code  Wk  exceptions.o [1]
HardFault_Handler       0x000001d3   0x2  Code  Wk  exceptions.o [1]
MemManage_Handler       0x000001d3   0x2  Code  Wk  exceptions.o [1]
NMI_Handler             0x000001d3   0x2  Code  Wk  exceptions.o [1]
PIOA_Handler            0x000001d3   0x2  Code  Wk  exceptions.o [1]
PIOB_Handler            0x000001d3   0x2  Code  Wk  exceptions.o [1]
PIOC_Handler            0x000001d3   0x2  Code  Wk  exceptions.o [1]
PIOD_Handler            0x000001d3   0x2  Code  Wk  exceptions.o [1]
PMC_Handler             0x000001d3   0x2  Code  Wk  exceptions.o [1]
PWM_Handler             0x000001d3   0x2  Code  Wk  exceptions.o [1]
PendSV_Handler          0x000001d3   0x2  Code  Wk  exceptions.o [1]
RSTC_Handler            0x000001d3   0x2  Code  Wk  exceptions.o [1]
RTC_Handler             0x000001d3   0x2  Code  Wk  exceptions.o [1]
RTT_Handler             0x000001d3   0x2  Code  Wk  exceptions.o [1]
Region$$Table$$Base     0x0000024c         --   Gb  - Linker created -
Region$$Table$$Limit    0x00000260         --   Gb  - Linker created -
Reset_Handler           0x000001a9   0x4  Code  Gb  startup_sam3x.o [1]
SPI0_Handler            0x000001d3   0x2  Code  Wk  exceptions.o [1]
SSC_Handler             0x000001d3   0x2  Code  Wk  exceptions.o [1]
SUPC_Handler            0x000001d3   0x2  Code  Wk  exceptions.o [1]
SVC_Handler             0x000001d3   0x2  Code  Wk  exceptions.o [1]
SysTick_Handler         0x000001d3   0x2  Code  Wk  exceptions.o [1]
SystemCoreClock         0x20000000   0x4  Data  Gb  system_sam3x.o [1]
SystemInit              0x000000f5  0x68  Code  Gb  system_sam3x.o [1]
TC0_Handler             0x000001d3   0x2  Code  Wk  exceptions.o [1]
TC1_Handler             0x000001d3   0x2  Code  Wk  exceptions.o [1]
TC2_Handler             0x000001d3   0x2  Code  Wk  exceptions.o [1]
TC3_Handler             0x000001d3   0x2  Code  Wk  exceptions.o [1]
TC4_Handler             0x000001d3   0x2  Code  Wk  exceptions.o [1]
TC5_Handler             0x000001d3   0x2  Code  Wk  exceptions.o [1]
TRNG_Handler            0x000001d3   0x2  Code  Wk  exceptions.o [1]
TWI0_Handler            0x000001d3   0x2  Code  Wk  exceptions.o [1]
TWI1_Handler            0x000001d3   0x2  Code  Wk  exceptions.o [1]
UART_Handler            0x000001d3   0x2  Code  Wk  exceptions.o [1]
UOTGHS_Handler          0x000001d3   0x2  Code  Wk  exceptions.o [1]
USART0_Handler          0x000001d3   0x2  Code  Wk  exceptions.o [1]
USART1_Handler          0x000001d3   0x2  Code  Wk  exceptions.o [1]
USART2_Handler          0x000001d3   0x2  Code  Wk  exceptions.o [1]
UsageFault_Handler      0x000001d3   0x2  Code  Wk  exceptions.o [1]
WDT_Handler             0x000001d3   0x2  Code  Wk  exceptions.o [1]
__cmain                 0x000001b9        Code  Gb  cmain.o [4]
__exit                  0x00000215        Code  Gb  XXexit.o [4]
__iar_copy_init3        0x00000221  0x2c  Code  Gb  copy_init3.o [4]
__iar_data_init3        0x000001d5  0x28  Code  Gb  data_init.o [4]
__iar_program_start     0x000001ad        Code  Gb  cstartup.o [1]
__low_level_init        0x00000181  0x20  Code  Gb  startup_sam3x.o [1]
__vector_table          0x00000000  0xf4  Data  Gb  startup_sam3x.o [1]
_call_main              0x000001c5        Code  Gb  cmain.o [4]
_exit                   0x00000209        Code  Gb  cexit.o [4]
_main                   0x000001cf        Code  Gb  cmain.o [4]
exit                    0x00000205   0x4  Code  Gb  exit.o [3]
main                    0x000001fd   0x8  Code  Gb  main.o [1]


[1] = F:\Datorsystemteknik\HWlab\testlab\Release\Obj
[2] = command line
[3] = dl7M_tln.a
[4] = rt7M_tl.a

    344 bytes of readonly  code memory
    268 bytes of readonly  data memory
  1 028 bytes of readwrite data memory

Errors: none
Warnings: none
